ID                  NAME                DESCRIPTION
volume@123          123                 volume 123
