NAME                TYPE                DESCRIPTION                               DOCKER ENPOINT                   KUBERNETES ENDPOINT   ORCHESTRATOR
default             docker              Current DOCKER_HOST based configuration   npipe:////./pipe/docker_engine                         swarm
test-example *      example                                                                                                              
