NAME                TYPE                DESCRIPTION                               DOCKER ENDPOINT               KUBERNETES ENDPOINT   ORCHESTRATOR
default *           docker              Current DOCKER_HOST based configuration   unix:///var/run/docker.sock                         swarm
