CONTAINER ID        IMAGE         COMMAND        STATUS        PORTS
id                  nginx                                      
1234                alpine                                     
